[31mERROR: [0mMain.m3[15,18] Illegal token: "StkDot", expecting one of:
       "StkRwAND"  "StkRwDIV"  "StkRwIN"  "StkRwMOD"  "StkRwOR"  "StkSemicolon" 
       "StkEqual"  "StkUnequal"  "StkLess"  "StkGreater"  "StkLessEqual" 
       "StkGreaterEqual"  "StkPlus"  "StkMinus"  "StkAmpersand"  "StkStar"  "StkSlash" 
       Repair token(s) inserted:  "StkSemicolon"  "StkRwBEGIN"  "StkRwEND" 
       "StkIdent" 
[32mINFO:  [0mMain.m3 Pass 1 output file Main.m3.FM3Pass1 has 738 bytes.
[31mERROR: [0mMain.m3[15,12] Undeclared identifier "L", (2.1).
[31mERROR: [0mMain.m3[8,25] Undeclared identifier "Y", (2.1).
[31mERROR: [0mMain.m3[8,16] Undeclared identifier "X", (2.1).
[31mERROR: [0mMain.m3[5,8] Illegal recursive declarations: "A", also involving
       "B" [7,8]
       "D" [9,8]
       "F" [12,8]
       "G" [13,8]
       "E" [11,8]
       "H" [14,8]
[32mINFO:  [0mMain.m3 Patch stack Main.m3.FM3Patch peak size = 59 bytes.
[32mINFO:  [0mMain.m3 Pass 2 output file Main.m3.FM3Pass2 has 442 bytes.
