[32mINFO: [0mMain.m3[1,7] Module name "main" is not consistent with file name "Main.m3".
[31mERROR: [0mMain.m3[1,7] Unable to locate exported source file main.i3
       Search directories for source files are:
       "."
[31mERROR: [0mMain.m3[7,6] Declared Variable must have a type and/or an initial value. (2.4.3)
[31mERROR: [0mMain.m3[11,8] Declared Record field must have a type and/or an initial value. (2.2.4)
[31mERROR: [0mMain.m3[15,8] Declared Object field must have a type and/or an initial value. (2.2.9)
[31mERROR: [0mMain.m3[19,6] Declared VALUE formal must have a type and/or an initial value. (2.2.8)
[31mERROR: [0mMain.m3[20,12] Declared VALUE formal must have a type and/or an initial value. (2.2.8)
[31mERROR: [0mMain.m3[21,10]  VAR formal must have a type (2.2.8).
[31mERROR: [0mMain.m3[22,15] Declared READONLY formal must have a type and/or an initial value. (2.2.8)
[31mERROR: [0mMain.m3[28,6] Identifier "mainn" at end of MODULE named "main", at (1,7), must repeat its name (2.5.3).
