[31mERROR: [0mMain.m3[6,9] Unable to locate imported source file Nonexistent.i3
       Search directories for source files are:
       "."
[31mERROR: [0mMain.m3[8,19] Interface Intf has no declaration named "Mumble"
[31mERROR: [0mMain.m3[17,13] Undeclared identifier "E2", (2.1).
[31mERROR: [0mMain.m3[14,16] Undeclared identifier "NoIntf", (2.1).
[31mERROR: [0mMain.m3[13,16] Undeclared identifier "NoSuch", (2.1).
[31mERROR: [0mMain.m3[12,29] Interface "Intf" does not declare "Imppp" (2.6.3)
       (It's there via export/import, but not transitively importable (2.5.1).)
[31mERROR: [0mMain.m3[11,29] Interface "Intf" does not declare "Yadda" (2.6.3)
[31mERROR: [0mMain.m3[10,12] No declaration within imported interface "Intf" is selected. (2.6.3).
