[31mERROR: [0mIntf.i3[1,10] Interface name "Intfxx" does not agree with file name "Intf.i3" (FM3 requirement).
[31mERROR: [0mIntf.i3[22,29] Reserved identifier "CHAR" cannot be declared (2.8.2).
[31mERROR: [0mIntf.i3[95,6] Identifier "Intfyy" at end of INTERFACE named "Intfxx", at [1,10], must repeat its name (2.5.2).
[32mINFO:  [0mIntf.i3 Pass 1 output file Intf.i3.FM3Pass1 has 176 bytes.
[32mINFO:  [0mIntf.i3 Patch stack Intf.i3.FM3Patch peak size = 63 bytes.
[32mINFO:  [0mIntf.i3 Pass 2 output file Intf.i3.FM3Pass2 has 103 bytes.
