[32mFM3:   [0mCompiling with command line: 
         "/home/rodney/proj/m3/fm3/git/compiler/AMD64_LINUX/FM3 --no-disasm-verbose --disasm --exprs --no-expr-addrs --no-std-sources Main.m3"
[32mFM3:   [0mGetting dependencies of 
         /home/rodney/proj/m3/fm3/git/fm3tests/src/e10/e1007/src/Main.m3 ...
[32mFM3:   [0mGetting dependencies of 
         /home/rodney/proj/m3/fm3/git/fm3tests/src/e10/e1007/src/Null.i3 ...
[32mFM3:   [0mCompiling Null.i3 ...
[32mFM3:   [0mFinished compiling Null.i3.
[32mFM3:   [0mGetting dependencies of 
         /home/rodney/proj/m3/fm3/git/fm3tests/src/e10/e1007/src/I1.i3 ...
[32mFM3:   [0mGetting dependencies of 
         /home/rodney/proj/m3/fm3/git/fm3tests/src/e10/e1007/src/I2.i3 ...
[32mFM3:   [0mGetting dependencies of 
         /home/rodney/proj/m3/fm3/git/fm3tests/src/e10/e1007/src/I3.i3 ...
[32mFM3:   [0mCompiling I3.i3 ...
[32mFM3:   [0mFinished compiling I3.i3.
[32mFM3:   [0mCompiling I2.i3 ...
[32mFM3:   [0mFinished compiling I2.i3.
[32mFM3:   [0mCompiling I1.i3 ...
[32mFM3:   [0mFinished compiling I1.i3.
[32mFM3:   [0mCompiling Main.m3 ...
[32mFM3:   [0mFinished compiling Main.m3.
